C51 COMPILER V9.59.0.0   MAIN                                                              11/03/2023 13:41:21 PAGE 1   


C51 COMPILER V9.59.0.0, COMPILATION OF MODULE MAIN
OBJECT MODULE PLACED IN ..\Output\main.obj
COMPILER INVOKED BY: D:\Keil__v5\C51\BIN\C51.EXE ..\Source\main.c OPTIMIZE(8,SPEED) BROWSE DEBUG OBJECTEXTEND PRINT(..\L
                    -istings\main.lst) OBJECT(..\Output\main.obj)

line level    source

   1          #include <reg51.h>
   2          #include "delay.h"
   3          
   4          void UartInit(void);            //4800bps@11.0592MHz
   5          void SendByte(unsigned char dat);
   6          
   7          unsigned char dat = 55;
   8          void main()
   9          {
  10   1              UartInit();
  11   1              while(1)
  12   1              {
  13   2                      SendByte(0x88);
  14   2                      
  15   2              }
  16   1      
  17   1      }
  18          
  19          void UartInit(void)             //4800bps@11.0592MHz
  20          {
  21   1              SCON = 0x50;            //8位数据,可变波特率
  22   1              AUXR &= 0xBF;           //定时器时钟12T模式
*** ERROR C202 IN LINE 22 OF ..\Source\main.c: 'AUXR': undefined identifier
  23   1              AUXR &= 0xFE;           //串口1选择定时器1为波特率发生器
*** ERROR C202 IN LINE 23 OF ..\Source\main.c: 'AUXR': undefined identifier
  24   1              TMOD &= 0x0F;           //设置定时器模式
  25   1              TMOD |= 0x20;           //设置定时器模式
  26   1              TL1 = 0xFA;                     //设置定时初始值
  27   1              TH1 = 0xFA;                     //设置定时重载值
  28   1              ET1 = 0;                        //禁止定时器中断
  29   1              TR1 = 1;                        //定时器1开始计时
  30   1      }
  31          
  32          void SendByte(unsigned char dat)
  33          {
  34   1              SBUF = dat;
  35   1              while(!TI);
  36   1              Delay1000ms();
  37   1              TI = 0;
  38   1      
  39   1      }

C51 COMPILATION COMPLETE.  0 WARNING(S),  2 ERROR(S)
