C51 COMPILER V9.60.0.0   KEY                                                               01/07/2023 21:46:03 PAGE 1   


C51 COMPILER V9.60.0.0, COMPILATION OF MODULE KEY
OBJECT MODULE PLACED IN ..\Output\key.obj
COMPILER INVOKED BY: d:\Keil_v5\C51\BIN\C51.EXE ..\Source\key.c OPTIMIZE(8,SPEED) BROWSE DEBUG OBJECTEXTEND PRINT(..\Lis
                    -ting\key.lst) OBJECT(..\Output\key.obj)

line level    source

   1          #include "key.h"
   2          
   3          unsigned char key_scan()
   4          {
   5   1              unsigned char KeyNum = 0;
   6   1              key1 = 1;
   7   1              key2 = 1;
   8   1              key3 = 1;
   9   1              key4 = 1;
  10   1              if(!key1||!key2||!key3||!key4)
  11   1              {
  12   2                      Delayxms(20);//按键消抖
  13   2                      if(!key1||!key2||!key3||!key4)
  14   2                      {
  15   3                              if(!key1)
  16   3                                      KeyNum = 1;
  17   3                              if(!key2)
  18   3                                      KeyNum = 2;
  19   3                              if(!key3)
  20   3                                      KeyNum = 3;
  21   3                              if(!key4)
  22   3                                      KeyNum = 4;
  23   3                      }while(!key1||!key2||!key3||!key4);//松手等待
  24   2              }
  25   1                      
  26   1              return KeyNum;
  27   1      }


MODULE INFORMATION:   STATIC OVERLAYABLE
   CODE SIZE        =     81    ----
   CONSTANT SIZE    =   ----    ----
   XDATA SIZE       =   ----    ----
   PDATA SIZE       =   ----    ----
   DATA SIZE        =   ----       1
   IDATA SIZE       =   ----    ----
   BIT SIZE         =   ----    ----
END OF MODULE INFORMATION.


C51 COMPILATION COMPLETE.  0 WARNING(S),  0 ERROR(S)
